6000: .__START_PROGRAM
602D: .__LABEL__filename
602D: .filename
6148: .__LABEL0
61AE: .__END_PROGRAM
61BC: .__CALL_BACK__
61BE: ._pos
61C2: ._pos__leave
61C3: ._csrlin
61C7: ._csrlin__leave
61C8: ._input
61E6: .__LABEL4
61ED: .__LABEL7
622B: .__LABEL14
624E: .__LABEL15
6255: .__LABEL13
6258: .__LABEL10
627C: .__LABEL33
62B3: .__LABEL11
62B3: .__LABEL18
62C6: .__LABEL22
6310: .__LABEL19
6330: ._input__leave
6346: ._PRIVATEInputShowCursor
636A: ._PRIVATEInputShowCursor__leave
636B: ._PRIVATEInputHideCursor
638E: ._PRIVATEInputHideCursor__leave
638F: ._fSin
63B8: .__LABEL25
63DB: .__LABEL26
63DB: .__LABEL27
63FD: .__LABEL28
6424: .__LABEL29
6428: .__LABEL30
644B: .__LABEL32
64F9: .__LABEL34
6510: .__LABEL__sinetable
653E: ._fSin__leave
6547: ._fCos
6560: ._fCos__leave
6569: .__LABEL2
656D: .__LABEL3
656F: .__LABEL16
6572: .__LABEL24
6575: .__ERROR
6579: .__ERROR_CODE
657B: .__STOP
657F: .__MEM_INIT
6585: .__MEM_INIT2
65A3: .MEM_ALLOC
65A3: .__MEM_ALLOC
65F2: .CHR
661D: .__CHR_END
662F: .__SAVE_S_POSN
6639: .CLS
665C: .__IN_SCREEN
6667: .__OUT_OF_SCREEN_ERR
666C: .JUMP_HL_PLUS_2A
666D: .JUMP_HL_PLUS_A
6670: .JUMP_HL_PLUS_DE
6675: .CALL_HL
6676: .INK
6691: .INK_TMP
6697: .PAPER
66B5: .PAPER_TMP
66BB: .FLASH
66BE: .__SET_FLASH
66DA: .BRIGHT
66DD: .__SET_BRIGHT
66F4: .BRIGHT_TMP
66F9: .OVER
6727: .INVERSE
6734: .INVERSE_TMP
6742: .BOLD
674F: .BOLD_TMP
675B: .ITALIC
6768: .ITALIC_TMP
6776: .__ATTR_ADDR
6788: .SET_ATTR
678C: .__SET_ATTR
678F: .__SET_ATTR2
679C: .SET_PIXEL_ADDR_ATTR
67AD: .__PRINT_INIT
67BE: .__PRINTCHAR
67FF: .__PRGRAPH0
6818: .PRINT_MODE
6819: .INVERSE_MODE
683D: .__PRINT_SPECIAL
6845: .__PRINT_0Dh
684C: .__PRINT_AT1_END
6853: .__PRINT_EOL_END
6887: .__PRINT_NOP
6887: .__PRINT_RESTART
688D: .__PRINT_AT
68B5: .__PRINT_DEL
68D5: .__PRINT_INK2
68E2: .__PRINT_PAP2
68E9: .__PRINT_FLA
68EF: .__PRINT_FLA2
68F6: .__PRINT_BRI
68FC: .__PRINT_BRI2
6903: .__PRINT_INV
6909: .__PRINT_INV2
6910: .__PRINT_OVR
6916: .__PRINT_OVR2
6978: .PRINT_TAB
69CE: .COPY_ATTR
6A0C: .__ABS16
6A0F: .__NEGHL
6A17: .__DIVU16
6A17: .__DIVU16_FAST
6A1E: .__DIV16LOOP
6A29: .__DIV16NOADD
6A2F: .__MODU16
6A34: .__DIVI16
6A34: .__DIVI16_FAST
6A42: .__DIVI16A
6A47: .__DIVI16B
6A50: .__MODI16
6A55: .__FPSTACK_PUSH2
6A66: .__FPSTACK_I16
6A71: .__DIVF
6AA4: .__EQ16
6AAA: .MEM_FREE
6AAA: .__MEM_FREE
6AFC: .__ABS32
6AFF: .__NEG32
6B11: .__FTOU32REG
6B35: .__FTOU32REG_LOOP
6B49: .__FTOU32REG_END
6B61: .__FTOU8
6B66: .__ILOADSTR
6B6D: .__LOADSTR
6B86: .__MUL16
6B9E: .__ILOADF
6BA2: .__LOADF
6BAC: .__PLOADF
6BB3: .PLOT
6BBC: .__PLOT
6BEB: .PRINT_EOL_ATTR
6BF1: .__PRINTU_START
6C04: .__PRINT_MINUS
6C09: .__DIVU8
6C0B: .__DIVU8_FAST
6C10: .__DIV8LOOP
6C18: .__DIV8NOSUB
6C1D: .__DIVI8
6C1F: .__DIVI8_FAST
6C27: .__DIV8A
6C30: .__DIV8B
6C3B: .__MODU8
6C3D: .__MODU8_FAST
6C42: .__MODI8
6C44: .__MODI8_FAST
6C49: .__PRINTI8
6C54: .__PRINTU8
6C6A: .PRINT_STR
6C6A: .__PRINTSTR
6C87: .__PRINT_STR
6C8C: .__REALLOC
6CC0: .__STRASSIGN
6CF4: .__STRCPY
6D09: .__PISTORE_STR
6D0D: .__ISTORE_STR
6D11: .__STORE_STR
6D21: .__PSTORE_STR
6D28: .__PISTORE_STR2
6D2C: .__ISTORE_STR2
6D30: .__STORE_STR2
6D40: .__PSTORE_STR2
6D47: .__STRLEN
6D4F: .__ADDSTR
6D4F: .__STRCAT2
6D78: .__STR_CONT1
6D81: .__STRCAT
6DA4: .__STRSLICE
6DA8: .__STRSLICE_FAST
6DEF: .__I8TOFREG
6DF5: .__I32TOFREG
6E03: .__U8TOFREG
6E08: .__U32TOFREG
6E1C: .__U32TOFREG_LOOP
6E3E: .ZXBASIC_USER_DATA
6E3E: ._a
6E40: ._x
6E41: ._y
6E42: ._i
6E44: .ZXBASIC_MEM_HEAP